// Jest Snapshot v1, https://goo.gl/fbAQLP

exports[`should render Not Found page 1`] = `
<div>
  <h1>
    404! - 
    <Link
      to="/"
    >
      Go Home
    </Link>
  </h1>
</div>
`;
